Archive member included because of file (symbol)

arm/libhi3518.a(board.o)      arm/start.o (start_armboot)
arm/libhi3518.a(timer.o)      arm/libhi3518.a(board.o) (timer_init)
driver/libdriver.a(serial_pl01x.o)
                              arm/libhi3518.a(board.o) (serial_init)
common/libcommon.a(vsprintf.o)
                              arm/libhi3518.a(board.o) (printf)
common/libcommon.a(div64.o)   common/libcommon.a(vsprintf.o) (__div64_32)
/opt/hisi-linux-nptl/arm-hisiv100-linux/bin/../lib/gcc/arm-hisiv100-linux-uclibcgnueabi/4.4.1/libgcc.a(_udivsi3.o)
                              arm/libhi3518.a(timer.o) (__aeabi_uidiv)
/opt/hisi-linux-nptl/arm-hisiv100-linux/bin/../lib/gcc/arm-hisiv100-linux-uclibcgnueabi/4.4.1/libgcc.a(_divsi3.o)
                              common/libcommon.a(vsprintf.o) (__aeabi_idiv)
/opt/hisi-linux-nptl/arm-hisiv100-linux/bin/../lib/gcc/arm-hisiv100-linux-uclibcgnueabi/4.4.1/libgcc.a(_dvmd_lnx.o)
                              /opt/hisi-linux-nptl/arm-hisiv100-linux/bin/../lib/gcc/arm-hisiv100-linux-uclibcgnueabi/4.4.1/libgcc.a(_udivsi3.o) (__aeabi_idiv0)

Memory Configuration

Name             Origin             Length             Attributes
*default*        0x00000000         0xffffffff

Linker script and memory map

                0x00000000                . = 0x0
                0x00000000                . = ALIGN (0x4)

.text           0x80800000     0x28fc
 arm/start.o(.text)
 .text          0x80800000      0x180 arm/start.o
                0x80800000                _start
                0x80800004                exception_table
                0x80800044                exception_table_end
                0x80800048                _armboot_start
                0x8080004c                _bss_start
                0x80800050                _bss_end
                0x80800054                print
                0x80800070                check_remap
 *(.text)
 .text          0x80800180      0x1d8 arm/libhi3518.a(board.o)
                0x80800180                remap
                0x8080021c                start_armboot
                0x808002a8                success_fix
                0x808002c0                do_IRQ
                0x808002e4                enter_IRQ
                0x80800330                exit_IRQ
 .text          0x80800358      0x73c arm/libhi3518.a(timer.o)
                0x80800358                timer_init
                0x808003ac                reset_timer
                0x808003bc                reset_timer_masked
                0x808003f4                get_timer
                0x80800420                get_timer_masked
                0x808004c8                set_timer
                0x808004f4                get_ticks
                0x8080051c                get_tbclk
                0x808005f0                __udelay
                0x80800830                udelay_masked
                0x80800a54                timer_irq_enable
 .text          0x80800a94      0x300 driver/libdriver.a(serial_pl01x.o)
                0x80800a94                serial_init
                0x80800b8c                serial_putc
                0x80800bd0                serial_puts
                0x80800c18                serial_getc
                0x80800c34                serial_tstc
                0x80800c50                serial_setbrg
 *fill*         0x80800d94        0x4 00
 .text          0x80800d98     0x15a0 common/libcommon.a(vsprintf.o)
                0x808018e4                strnlen
                0x80801ab4                vsprintf
                0x8080229c                sprintf
                0x808022e8                printf
 .text          0x80802338      0x130 common/libcommon.a(div64.o)
                0x80802338                __div64_32
 .text          0x80802468       0x38 lib/eabi_compat.o
                0x80802468                raise
                0x8080248c                __aeabi_unwind_cpp_pr0
 .text          0x808024a0      0x20c /opt/hisi-linux-nptl/arm-hisiv100-linux/bin/../lib/gcc/arm-hisiv100-linux-uclibcgnueabi/4.4.1/libgcc.a(_udivsi3.o)
                0x808024a0                __udivsi3
                0x808024a0                __aeabi_uidiv
                0x8080268c                __aeabi_uidivmod
 .text          0x808026ac      0x240 /opt/hisi-linux-nptl/arm-hisiv100-linux/bin/../lib/gcc/arm-hisiv100-linux-uclibcgnueabi/4.4.1/libgcc.a(_divsi3.o)
                0x808026ac                __aeabi_idiv
                0x808026ac                __divsi3
                0x808028cc                __aeabi_idivmod
 .text          0x808028ec       0x10 /opt/hisi-linux-nptl/arm-hisiv100-linux/bin/../lib/gcc/arm-hisiv100-linux-uclibcgnueabi/4.4.1/libgcc.a(_dvmd_lnx.o)
                0x808028ec                __aeabi_ldiv0
                0x808028ec                __aeabi_idiv0

.glue_7         0x808028fc        0x0
 .glue_7        0x00000000        0x0 linker stubs

.glue_7t        0x808028fc        0x0
 .glue_7t       0x00000000        0x0 linker stubs

.vfp11_veneer   0x808028fc        0x0
 .vfp11_veneer  0x00000000        0x0 linker stubs

.v4_bx          0x808028fc        0x0
 .v4_bx         0x00000000        0x0 linker stubs
                0x808028fc                . = ALIGN (0x4)

.rodata         0x808028fc       0x9c
 *(SORT(.rodata*))
 .rodata        0x808028fc       0x6c arm/libhi3518.a(board.o)
 .rodata        0x80802968        0x4 driver/libdriver.a(serial_pl01x.o)
 .rodata        0x8080296c       0x2c common/libcommon.a(vsprintf.o)
                0x8080296c                hex_asc
                0x80802998                . = ALIGN (0x4)

.data           0x80802998        0x0
 *(.data)
 .data          0x80802998        0x0 arm/start.o
 .data          0x80802998        0x0 arm/libhi3518.a(board.o)
 .data          0x80802998        0x0 arm/libhi3518.a(timer.o)
 .data          0x80802998        0x0 driver/libdriver.a(serial_pl01x.o)
 .data          0x80802998        0x0 common/libcommon.a(vsprintf.o)
 .data          0x80802998        0x0 common/libcommon.a(div64.o)
 .data          0x80802998        0x0 lib/eabi_compat.o
 .data          0x80802998        0x0 /opt/hisi-linux-nptl/arm-hisiv100-linux/bin/../lib/gcc/arm-hisiv100-linux-uclibcgnueabi/4.4.1/libgcc.a(_udivsi3.o)
 .data          0x80802998        0x0 /opt/hisi-linux-nptl/arm-hisiv100-linux/bin/../lib/gcc/arm-hisiv100-linux-uclibcgnueabi/4.4.1/libgcc.a(_divsi3.o)
 .data          0x80802998        0x0 /opt/hisi-linux-nptl/arm-hisiv100-linux/bin/../lib/gcc/arm-hisiv100-linux-uclibcgnueabi/4.4.1/libgcc.a(_dvmd_lnx.o)
                0x80802998                . = ALIGN (0x4)

.got
 *(.got)
                0x80802998                . = .
                0x80802998                __u_boot_cmd_start = .

.u_boot_cmd
 *(.u_boot_cmd)
                0x80802998                __u_boot_cmd_end = .
                0x80802998                . = ALIGN (0x4)
                0x80802998                __bss_start = .

.bss            0x80802998        0x8
 *(.bss)
 .bss           0x80802998        0x0 arm/start.o
 .bss           0x80802998        0x0 arm/libhi3518.a(board.o)
 .bss           0x80802998        0x8 arm/libhi3518.a(timer.o)
 .bss           0x808029a0        0x0 driver/libdriver.a(serial_pl01x.o)
 .bss           0x808029a0        0x0 common/libcommon.a(vsprintf.o)
 .bss           0x808029a0        0x0 common/libcommon.a(div64.o)
 .bss           0x808029a0        0x0 lib/eabi_compat.o
 .bss           0x808029a0        0x0 /opt/hisi-linux-nptl/arm-hisiv100-linux/bin/../lib/gcc/arm-hisiv100-linux-uclibcgnueabi/4.4.1/libgcc.a(_udivsi3.o)
 .bss           0x808029a0        0x0 /opt/hisi-linux-nptl/arm-hisiv100-linux/bin/../lib/gcc/arm-hisiv100-linux-uclibcgnueabi/4.4.1/libgcc.a(_divsi3.o)
 .bss           0x808029a0        0x0 /opt/hisi-linux-nptl/arm-hisiv100-linux/bin/../lib/gcc/arm-hisiv100-linux-uclibcgnueabi/4.4.1/libgcc.a(_dvmd_lnx.o)
                0x808029a0                . = ALIGN (0x4)
                0x808029a0                _end = .
Address of section .text set to 0x80800000
LOAD arm/libhi3518.a
LOAD driver/libdriver.a
LOAD common/libcommon.a
LOAD lib/eabi_compat.o
LOAD /opt/hisi-linux-nptl/arm-hisiv100-linux/bin/../lib/gcc/arm-hisiv100-linux-uclibcgnueabi/4.4.1/libgcc.a
OUTPUT(u-boot elf32-littlearm)

.ARM.attributes
                0x00000000       0x29
 .ARM.attributes
                0x00000000       0x1d arm/start.o
 .ARM.attributes
                0x0000001d       0x2d arm/libhi3518.a(board.o)
 .ARM.attributes
                0x0000004a       0x2d arm/libhi3518.a(timer.o)
 .ARM.attributes
                0x00000077       0x2d driver/libdriver.a(serial_pl01x.o)
 .ARM.attributes
                0x000000a4       0x2d common/libcommon.a(vsprintf.o)
 .ARM.attributes
                0x000000d1       0x2d common/libcommon.a(div64.o)
 .ARM.attributes
                0x000000fe       0x2d lib/eabi_compat.o
 .ARM.attributes
                0x0000012b       0x1f /opt/hisi-linux-nptl/arm-hisiv100-linux/bin/../lib/gcc/arm-hisiv100-linux-uclibcgnueabi/4.4.1/libgcc.a(_udivsi3.o)
 .ARM.attributes
                0x0000014a       0x1f /opt/hisi-linux-nptl/arm-hisiv100-linux/bin/../lib/gcc/arm-hisiv100-linux-uclibcgnueabi/4.4.1/libgcc.a(_divsi3.o)
 .ARM.attributes
                0x00000169       0x1f /opt/hisi-linux-nptl/arm-hisiv100-linux/bin/../lib/gcc/arm-hisiv100-linux-uclibcgnueabi/4.4.1/libgcc.a(_dvmd_lnx.o)

.comment        0x00000000      0x1c2
 .comment       0x00000000       0x4b arm/libhi3518.a(board.o)
 .comment       0x0000004b       0x4b arm/libhi3518.a(timer.o)
 .comment       0x00000096       0x4b driver/libdriver.a(serial_pl01x.o)
 .comment       0x000000e1       0x4b common/libcommon.a(vsprintf.o)
 .comment       0x0000012c       0x4b common/libcommon.a(div64.o)
 .comment       0x00000177       0x4b lib/eabi_compat.o

.note.GNU-stack
                0x00000000        0x0
 .note.GNU-stack
                0x00000000        0x0 arm/libhi3518.a(board.o)
 .note.GNU-stack
                0x00000000        0x0 arm/libhi3518.a(timer.o)
 .note.GNU-stack
                0x00000000        0x0 driver/libdriver.a(serial_pl01x.o)
 .note.GNU-stack
                0x00000000        0x0 common/libcommon.a(vsprintf.o)
 .note.GNU-stack
                0x00000000        0x0 common/libcommon.a(div64.o)
 .note.GNU-stack
                0x00000000        0x0 lib/eabi_compat.o
 .note.GNU-stack
                0x00000000        0x0 /opt/hisi-linux-nptl/arm-hisiv100-linux/bin/../lib/gcc/arm-hisiv100-linux-uclibcgnueabi/4.4.1/libgcc.a(_udivsi3.o)
 .note.GNU-stack
                0x00000000        0x0 /opt/hisi-linux-nptl/arm-hisiv100-linux/bin/../lib/gcc/arm-hisiv100-linux-uclibcgnueabi/4.4.1/libgcc.a(_divsi3.o)
 .note.GNU-stack
                0x00000000        0x0 /opt/hisi-linux-nptl/arm-hisiv100-linux/bin/../lib/gcc/arm-hisiv100-linux-uclibcgnueabi/4.4.1/libgcc.a(_dvmd_lnx.o)

.debug_frame    0x00000000       0x40
 .debug_frame   0x00000000       0x20 /opt/hisi-linux-nptl/arm-hisiv100-linux/bin/../lib/gcc/arm-hisiv100-linux-uclibcgnueabi/4.4.1/libgcc.a(_udivsi3.o)
 .debug_frame   0x00000020       0x20 /opt/hisi-linux-nptl/arm-hisiv100-linux/bin/../lib/gcc/arm-hisiv100-linux-uclibcgnueabi/4.4.1/libgcc.a(_divsi3.o)

.debug_line     0x00000000      0x1a5
 .debug_line    0x00000000       0x92 /opt/hisi-linux-nptl/arm-hisiv100-linux/bin/../lib/gcc/arm-hisiv100-linux-uclibcgnueabi/4.4.1/libgcc.a(_udivsi3.o)
 .debug_line    0x00000092       0x9e /opt/hisi-linux-nptl/arm-hisiv100-linux/bin/../lib/gcc/arm-hisiv100-linux-uclibcgnueabi/4.4.1/libgcc.a(_divsi3.o)
 .debug_line    0x00000130       0x75 /opt/hisi-linux-nptl/arm-hisiv100-linux/bin/../lib/gcc/arm-hisiv100-linux-uclibcgnueabi/4.4.1/libgcc.a(_dvmd_lnx.o)

.debug_info     0x00000000      0x28b
 .debug_info    0x00000000       0xd9 /opt/hisi-linux-nptl/arm-hisiv100-linux/bin/../lib/gcc/arm-hisiv100-linux-uclibcgnueabi/4.4.1/libgcc.a(_udivsi3.o)
 .debug_info    0x000000d9       0xd9 /opt/hisi-linux-nptl/arm-hisiv100-linux/bin/../lib/gcc/arm-hisiv100-linux-uclibcgnueabi/4.4.1/libgcc.a(_divsi3.o)
 .debug_info    0x000001b2       0xd9 /opt/hisi-linux-nptl/arm-hisiv100-linux/bin/../lib/gcc/arm-hisiv100-linux-uclibcgnueabi/4.4.1/libgcc.a(_dvmd_lnx.o)

.debug_abbrev   0x00000000       0x3c
 .debug_abbrev  0x00000000       0x14 /opt/hisi-linux-nptl/arm-hisiv100-linux/bin/../lib/gcc/arm-hisiv100-linux-uclibcgnueabi/4.4.1/libgcc.a(_udivsi3.o)
 .debug_abbrev  0x00000014       0x14 /opt/hisi-linux-nptl/arm-hisiv100-linux/bin/../lib/gcc/arm-hisiv100-linux-uclibcgnueabi/4.4.1/libgcc.a(_divsi3.o)
 .debug_abbrev  0x00000028       0x14 /opt/hisi-linux-nptl/arm-hisiv100-linux/bin/../lib/gcc/arm-hisiv100-linux-uclibcgnueabi/4.4.1/libgcc.a(_dvmd_lnx.o)

.debug_aranges  0x00000000       0x60
 .debug_aranges
                0x00000000       0x20 /opt/hisi-linux-nptl/arm-hisiv100-linux/bin/../lib/gcc/arm-hisiv100-linux-uclibcgnueabi/4.4.1/libgcc.a(_udivsi3.o)
 .debug_aranges
                0x00000020       0x20 /opt/hisi-linux-nptl/arm-hisiv100-linux/bin/../lib/gcc/arm-hisiv100-linux-uclibcgnueabi/4.4.1/libgcc.a(_divsi3.o)
 .debug_aranges
                0x00000040       0x20 /opt/hisi-linux-nptl/arm-hisiv100-linux/bin/../lib/gcc/arm-hisiv100-linux-uclibcgnueabi/4.4.1/libgcc.a(_dvmd_lnx.o)
