Archive member included because of file (symbol)

arm/libhi3518.a(board.o)      arm/start.o (start_armboot)
arm/libhi3518.a(timer.o)      arm/libhi3518.a(board.o) (timer_init)
driver/libdriver.a(serial_pl01x.o)
                              arm/libhi3518.a(board.o) (serial_init)
/opt/hisi-linux-nptl/arm-hisiv100-linux/bin/../lib/gcc/arm-hisiv100-linux-uclibcgnueabi/4.4.1/libgcc.a(_udivsi3.o)
                              arm/libhi3518.a(timer.o) (__aeabi_uidiv)
/opt/hisi-linux-nptl/arm-hisiv100-linux/bin/../lib/gcc/arm-hisiv100-linux-uclibcgnueabi/4.4.1/libgcc.a(_dvmd_lnx.o)
                              /opt/hisi-linux-nptl/arm-hisiv100-linux/bin/../lib/gcc/arm-hisiv100-linux-uclibcgnueabi/4.4.1/libgcc.a(_udivsi3.o) (__aeabi_idiv0)

Memory Configuration

Name             Origin             Length             Attributes
*default*        0x00000000         0xffffffff

Linker script and memory map

                0x00000000                . = 0x0
                0x00000000                . = ALIGN (0x4)

.text           0x80800000     0x225c
 arm/start.o(.text)
 .text          0x80800000     0x15e0 arm/start.o
                0x80800000                _start
                0x80801040                _blank_zone_start
                0x80801044                _blank_zone_end
                0x80801054                _armboot_start
                0x80801058                _bss_start
                0x8080105c                _bss_end
 *(.text)
 .text          0x808015e0       0x2c arm/libhi3518.a(board.o)
                0x808015e0                start_armboot
 .text          0x8080160c      0x6fc arm/libhi3518.a(timer.o)
                0x8080160c                timer_init
                0x80801660                reset_timer
                0x80801670                reset_timer_masked
                0x808016a8                get_timer
                0x808016d4                get_timer_masked
                0x8080177c                set_timer
                0x808017a8                get_ticks
                0x808017d0                get_tbclk
                0x808018a4                __udelay
                0x80801ae4                udelay_masked
 .text          0x80801d08      0x300 driver/libdriver.a(serial_pl01x.o)
                0x80801d08                serial_init
                0x80801e00                serial_putc
                0x80801e44                serial_puts
                0x80801e8c                serial_getc
                0x80801ea8                serial_tstc
                0x80801ec4                serial_setbrg
 .text          0x80802008       0x38 lib/eabi_compat.o
                0x80802008                raise
                0x8080202c                __aeabi_unwind_cpp_pr0
 .text          0x80802040      0x20c /opt/hisi-linux-nptl/arm-hisiv100-linux/bin/../lib/gcc/arm-hisiv100-linux-uclibcgnueabi/4.4.1/libgcc.a(_udivsi3.o)
                0x80802040                __udivsi3
                0x80802040                __aeabi_uidiv
                0x8080222c                __aeabi_uidivmod
 .text          0x8080224c       0x10 /opt/hisi-linux-nptl/arm-hisiv100-linux/bin/../lib/gcc/arm-hisiv100-linux-uclibcgnueabi/4.4.1/libgcc.a(_dvmd_lnx.o)
                0x8080224c                __aeabi_ldiv0
                0x8080224c                __aeabi_idiv0

.glue_7         0x8080225c        0x0
 .glue_7        0x00000000        0x0 linker stubs

.glue_7t        0x8080225c        0x0
 .glue_7t       0x00000000        0x0 linker stubs

.vfp11_veneer   0x8080225c        0x0
 .vfp11_veneer  0x00000000        0x0 linker stubs

.v4_bx          0x8080225c        0x0
 .v4_bx         0x00000000        0x0 linker stubs
                0x8080225c                . = ALIGN (0x4)

.rodata         0x8080225c       0x1c
 *(SORT(.rodata*))
 .rodata        0x8080225c       0x18 arm/libhi3518.a(board.o)
 .rodata        0x80802274        0x4 driver/libdriver.a(serial_pl01x.o)
                0x80802278                . = ALIGN (0x4)

.data           0x80802278        0x0
 *(.data)
 .data          0x80802278        0x0 arm/start.o
 .data          0x80802278        0x0 arm/libhi3518.a(board.o)
 .data          0x80802278        0x0 arm/libhi3518.a(timer.o)
 .data          0x80802278        0x0 driver/libdriver.a(serial_pl01x.o)
 .data          0x80802278        0x0 lib/eabi_compat.o
 .data          0x80802278        0x0 /opt/hisi-linux-nptl/arm-hisiv100-linux/bin/../lib/gcc/arm-hisiv100-linux-uclibcgnueabi/4.4.1/libgcc.a(_udivsi3.o)
 .data          0x80802278        0x0 /opt/hisi-linux-nptl/arm-hisiv100-linux/bin/../lib/gcc/arm-hisiv100-linux-uclibcgnueabi/4.4.1/libgcc.a(_dvmd_lnx.o)
                0x80802278                . = ALIGN (0x4)

.got
 *(.got)
                0x80802278                . = .
                0x80802278                __u_boot_cmd_start = .

.u_boot_cmd
 *(.u_boot_cmd)
                0x80802278                __u_boot_cmd_end = .
                0x80802278                . = ALIGN (0x4)
                0x80802278                __bss_start = .

.bss            0x80802278        0x8
 *(.bss)
 .bss           0x80802278        0x0 arm/start.o
 .bss           0x80802278        0x0 arm/libhi3518.a(board.o)
 .bss           0x80802278        0x8 arm/libhi3518.a(timer.o)
 .bss           0x80802280        0x0 driver/libdriver.a(serial_pl01x.o)
 .bss           0x80802280        0x0 lib/eabi_compat.o
 .bss           0x80802280        0x0 /opt/hisi-linux-nptl/arm-hisiv100-linux/bin/../lib/gcc/arm-hisiv100-linux-uclibcgnueabi/4.4.1/libgcc.a(_udivsi3.o)
 .bss           0x80802280        0x0 /opt/hisi-linux-nptl/arm-hisiv100-linux/bin/../lib/gcc/arm-hisiv100-linux-uclibcgnueabi/4.4.1/libgcc.a(_dvmd_lnx.o)
                0x80802280                . = ALIGN (0x4)
                0x80802280                _end = .
Address of section .text set to 0x80800000
LOAD arm/libhi3518.a
LOAD driver/libdriver.a
LOAD lib/eabi_compat.o
LOAD /opt/hisi-linux-nptl/arm-hisiv100-linux/bin/../lib/gcc/arm-hisiv100-linux-uclibcgnueabi/4.4.1/libgcc.a
OUTPUT(u-boot elf32-littlearm)

.ARM.attributes
                0x00000000       0x29
 .ARM.attributes
                0x00000000       0x1d arm/start.o
 .ARM.attributes
                0x0000001d       0x2d arm/libhi3518.a(board.o)
 .ARM.attributes
                0x0000004a       0x2d arm/libhi3518.a(timer.o)
 .ARM.attributes
                0x00000077       0x2d driver/libdriver.a(serial_pl01x.o)
 .ARM.attributes
                0x000000a4       0x2d lib/eabi_compat.o
 .ARM.attributes
                0x000000d1       0x1f /opt/hisi-linux-nptl/arm-hisiv100-linux/bin/../lib/gcc/arm-hisiv100-linux-uclibcgnueabi/4.4.1/libgcc.a(_udivsi3.o)
 .ARM.attributes
                0x000000f0       0x1f /opt/hisi-linux-nptl/arm-hisiv100-linux/bin/../lib/gcc/arm-hisiv100-linux-uclibcgnueabi/4.4.1/libgcc.a(_dvmd_lnx.o)

.comment        0x00000000      0x12c
 .comment       0x00000000       0x4b arm/libhi3518.a(board.o)
 .comment       0x0000004b       0x4b arm/libhi3518.a(timer.o)
 .comment       0x00000096       0x4b driver/libdriver.a(serial_pl01x.o)
 .comment       0x000000e1       0x4b lib/eabi_compat.o

.note.GNU-stack
                0x00000000        0x0
 .note.GNU-stack
                0x00000000        0x0 arm/libhi3518.a(board.o)
 .note.GNU-stack
                0x00000000        0x0 arm/libhi3518.a(timer.o)
 .note.GNU-stack
                0x00000000        0x0 driver/libdriver.a(serial_pl01x.o)
 .note.GNU-stack
                0x00000000        0x0 lib/eabi_compat.o
 .note.GNU-stack
                0x00000000        0x0 /opt/hisi-linux-nptl/arm-hisiv100-linux/bin/../lib/gcc/arm-hisiv100-linux-uclibcgnueabi/4.4.1/libgcc.a(_udivsi3.o)
 .note.GNU-stack
                0x00000000        0x0 /opt/hisi-linux-nptl/arm-hisiv100-linux/bin/../lib/gcc/arm-hisiv100-linux-uclibcgnueabi/4.4.1/libgcc.a(_dvmd_lnx.o)

.debug_frame    0x00000000       0x20
 .debug_frame   0x00000000       0x20 /opt/hisi-linux-nptl/arm-hisiv100-linux/bin/../lib/gcc/arm-hisiv100-linux-uclibcgnueabi/4.4.1/libgcc.a(_udivsi3.o)

.debug_line     0x00000000      0x107
 .debug_line    0x00000000       0x92 /opt/hisi-linux-nptl/arm-hisiv100-linux/bin/../lib/gcc/arm-hisiv100-linux-uclibcgnueabi/4.4.1/libgcc.a(_udivsi3.o)
 .debug_line    0x00000092       0x75 /opt/hisi-linux-nptl/arm-hisiv100-linux/bin/../lib/gcc/arm-hisiv100-linux-uclibcgnueabi/4.4.1/libgcc.a(_dvmd_lnx.o)

.debug_info     0x00000000      0x1b2
 .debug_info    0x00000000       0xd9 /opt/hisi-linux-nptl/arm-hisiv100-linux/bin/../lib/gcc/arm-hisiv100-linux-uclibcgnueabi/4.4.1/libgcc.a(_udivsi3.o)
 .debug_info    0x000000d9       0xd9 /opt/hisi-linux-nptl/arm-hisiv100-linux/bin/../lib/gcc/arm-hisiv100-linux-uclibcgnueabi/4.4.1/libgcc.a(_dvmd_lnx.o)

.debug_abbrev   0x00000000       0x28
 .debug_abbrev  0x00000000       0x14 /opt/hisi-linux-nptl/arm-hisiv100-linux/bin/../lib/gcc/arm-hisiv100-linux-uclibcgnueabi/4.4.1/libgcc.a(_udivsi3.o)
 .debug_abbrev  0x00000014       0x14 /opt/hisi-linux-nptl/arm-hisiv100-linux/bin/../lib/gcc/arm-hisiv100-linux-uclibcgnueabi/4.4.1/libgcc.a(_dvmd_lnx.o)

.debug_aranges  0x00000000       0x40
 .debug_aranges
                0x00000000       0x20 /opt/hisi-linux-nptl/arm-hisiv100-linux/bin/../lib/gcc/arm-hisiv100-linux-uclibcgnueabi/4.4.1/libgcc.a(_udivsi3.o)
 .debug_aranges
                0x00000020       0x20 /opt/hisi-linux-nptl/arm-hisiv100-linux/bin/../lib/gcc/arm-hisiv100-linux-uclibcgnueabi/4.4.1/libgcc.a(_dvmd_lnx.o)
