Archive member included because of file (symbol)

arm/libhi3518.a(board.o)      arm/start.o (start_armboot)
arm/libhi3518.a(timer.o)      arm/libhi3518.a(board.o) (timer_init)
driver/libdriver.a(serial_pl01x.o)
                              arm/libhi3518.a(board.o) (serial_init)
/opt/hisi-linux-nptl/arm-hisiv100-linux/bin/../lib/gcc/arm-hisiv100-linux-uclibcgnueabi/4.4.1/libgcc.a(_udivsi3.o)
                              arm/libhi3518.a(timer.o) (__aeabi_uidiv)
/opt/hisi-linux-nptl/arm-hisiv100-linux/bin/../lib/gcc/arm-hisiv100-linux-uclibcgnueabi/4.4.1/libgcc.a(_dvmd_lnx.o)
                              /opt/hisi-linux-nptl/arm-hisiv100-linux/bin/../lib/gcc/arm-hisiv100-linux-uclibcgnueabi/4.4.1/libgcc.a(_udivsi3.o) (__aeabi_idiv0)

Memory Configuration

Name             Origin             Length             Attributes
*default*        0x00000000         0xffffffff

Linker script and memory map

                0x00000000                . = 0x0
                0x00000000                . = ALIGN (0x4)

.text           0x80800000      0xe04
 arm/start.o(.text)
 .text          0x80800000      0x150 arm/start.o
                0x80800000                _start
                0x80800040                _armboot_start
                0x80800044                _bss_start
                0x80800048                _bss_end
                0x8080004c                print
                0x80800108                enable_irq
                0x80800114                disable_irq
 *(.text)
 .text          0x80800150       0x64 arm/libhi3518.a(board.o)
                0x80800150                start_armboot
 .text          0x808001b4      0x6fc arm/libhi3518.a(timer.o)
                0x808001b4                timer_init
                0x80800208                reset_timer
                0x80800218                reset_timer_masked
                0x80800250                get_timer
                0x8080027c                get_timer_masked
                0x80800324                set_timer
                0x80800350                get_ticks
                0x80800378                get_tbclk
                0x8080044c                __udelay
                0x8080068c                udelay_masked
 .text          0x808008b0      0x300 driver/libdriver.a(serial_pl01x.o)
                0x808008b0                serial_init
                0x808009a8                serial_putc
                0x808009ec                serial_puts
                0x80800a34                serial_getc
                0x80800a50                serial_tstc
                0x80800a6c                serial_setbrg
 .text          0x80800bb0       0x38 lib/eabi_compat.o
                0x80800bb0                raise
                0x80800bd4                __aeabi_unwind_cpp_pr0
 .text          0x80800be8      0x20c /opt/hisi-linux-nptl/arm-hisiv100-linux/bin/../lib/gcc/arm-hisiv100-linux-uclibcgnueabi/4.4.1/libgcc.a(_udivsi3.o)
                0x80800be8                __udivsi3
                0x80800be8                __aeabi_uidiv
                0x80800dd4                __aeabi_uidivmod
 .text          0x80800df4       0x10 /opt/hisi-linux-nptl/arm-hisiv100-linux/bin/../lib/gcc/arm-hisiv100-linux-uclibcgnueabi/4.4.1/libgcc.a(_dvmd_lnx.o)
                0x80800df4                __aeabi_ldiv0
                0x80800df4                __aeabi_idiv0

.glue_7         0x80800e04        0x0
 .glue_7        0x00000000        0x0 linker stubs

.glue_7t        0x80800e04        0x0
 .glue_7t       0x00000000        0x0 linker stubs

.vfp11_veneer   0x80800e04        0x0
 .vfp11_veneer  0x00000000        0x0 linker stubs

.v4_bx          0x80800e04        0x0
 .v4_bx         0x00000000        0x0 linker stubs
                0x80800e04                . = ALIGN (0x4)

.rodata         0x80800e04       0x10
 *(SORT(.rodata*))
 .rodata        0x80800e04        0xc arm/libhi3518.a(board.o)
 .rodata        0x80800e10        0x4 driver/libdriver.a(serial_pl01x.o)
                0x80800e14                . = ALIGN (0x4)

.data           0x80800e14        0x0
 *(.data)
 .data          0x80800e14        0x0 arm/start.o
 .data          0x80800e14        0x0 arm/libhi3518.a(board.o)
 .data          0x80800e14        0x0 arm/libhi3518.a(timer.o)
 .data          0x80800e14        0x0 driver/libdriver.a(serial_pl01x.o)
 .data          0x80800e14        0x0 lib/eabi_compat.o
 .data          0x80800e14        0x0 /opt/hisi-linux-nptl/arm-hisiv100-linux/bin/../lib/gcc/arm-hisiv100-linux-uclibcgnueabi/4.4.1/libgcc.a(_udivsi3.o)
 .data          0x80800e14        0x0 /opt/hisi-linux-nptl/arm-hisiv100-linux/bin/../lib/gcc/arm-hisiv100-linux-uclibcgnueabi/4.4.1/libgcc.a(_dvmd_lnx.o)
                0x80800e14                . = ALIGN (0x4)

.got
 *(.got)
                0x80800e14                . = .
                0x80800e14                __u_boot_cmd_start = .

.u_boot_cmd
 *(.u_boot_cmd)
                0x80800e14                __u_boot_cmd_end = .
                0x80800e14                . = ALIGN (0x4)
                0x80800e14                __bss_start = .

.bss            0x80800e14        0x8
 *(.bss)
 .bss           0x80800e14        0x0 arm/start.o
 .bss           0x80800e14        0x0 arm/libhi3518.a(board.o)
 .bss           0x80800e14        0x8 arm/libhi3518.a(timer.o)
 .bss           0x80800e1c        0x0 driver/libdriver.a(serial_pl01x.o)
 .bss           0x80800e1c        0x0 lib/eabi_compat.o
 .bss           0x80800e1c        0x0 /opt/hisi-linux-nptl/arm-hisiv100-linux/bin/../lib/gcc/arm-hisiv100-linux-uclibcgnueabi/4.4.1/libgcc.a(_udivsi3.o)
 .bss           0x80800e1c        0x0 /opt/hisi-linux-nptl/arm-hisiv100-linux/bin/../lib/gcc/arm-hisiv100-linux-uclibcgnueabi/4.4.1/libgcc.a(_dvmd_lnx.o)
                0x80800e1c                . = ALIGN (0x4)
                0x80800e1c                _end = .
Address of section .text set to 0x80800000
LOAD arm/libhi3518.a
LOAD driver/libdriver.a
LOAD lib/eabi_compat.o
LOAD /opt/hisi-linux-nptl/arm-hisiv100-linux/bin/../lib/gcc/arm-hisiv100-linux-uclibcgnueabi/4.4.1/libgcc.a
OUTPUT(u-boot elf32-littlearm)

.ARM.attributes
                0x00000000       0x29
 .ARM.attributes
                0x00000000       0x1d arm/start.o
 .ARM.attributes
                0x0000001d       0x2d arm/libhi3518.a(board.o)
 .ARM.attributes
                0x0000004a       0x2d arm/libhi3518.a(timer.o)
 .ARM.attributes
                0x00000077       0x2d driver/libdriver.a(serial_pl01x.o)
 .ARM.attributes
                0x000000a4       0x2d lib/eabi_compat.o
 .ARM.attributes
                0x000000d1       0x1f /opt/hisi-linux-nptl/arm-hisiv100-linux/bin/../lib/gcc/arm-hisiv100-linux-uclibcgnueabi/4.4.1/libgcc.a(_udivsi3.o)
 .ARM.attributes
                0x000000f0       0x1f /opt/hisi-linux-nptl/arm-hisiv100-linux/bin/../lib/gcc/arm-hisiv100-linux-uclibcgnueabi/4.4.1/libgcc.a(_dvmd_lnx.o)

.comment        0x00000000      0x12c
 .comment       0x00000000       0x4b arm/libhi3518.a(board.o)
 .comment       0x0000004b       0x4b arm/libhi3518.a(timer.o)
 .comment       0x00000096       0x4b driver/libdriver.a(serial_pl01x.o)
 .comment       0x000000e1       0x4b lib/eabi_compat.o

.note.GNU-stack
                0x00000000        0x0
 .note.GNU-stack
                0x00000000        0x0 arm/libhi3518.a(board.o)
 .note.GNU-stack
                0x00000000        0x0 arm/libhi3518.a(timer.o)
 .note.GNU-stack
                0x00000000        0x0 driver/libdriver.a(serial_pl01x.o)
 .note.GNU-stack
                0x00000000        0x0 lib/eabi_compat.o
 .note.GNU-stack
                0x00000000        0x0 /opt/hisi-linux-nptl/arm-hisiv100-linux/bin/../lib/gcc/arm-hisiv100-linux-uclibcgnueabi/4.4.1/libgcc.a(_udivsi3.o)
 .note.GNU-stack
                0x00000000        0x0 /opt/hisi-linux-nptl/arm-hisiv100-linux/bin/../lib/gcc/arm-hisiv100-linux-uclibcgnueabi/4.4.1/libgcc.a(_dvmd_lnx.o)

.debug_frame    0x00000000       0x20
 .debug_frame   0x00000000       0x20 /opt/hisi-linux-nptl/arm-hisiv100-linux/bin/../lib/gcc/arm-hisiv100-linux-uclibcgnueabi/4.4.1/libgcc.a(_udivsi3.o)

.debug_line     0x00000000      0x107
 .debug_line    0x00000000       0x92 /opt/hisi-linux-nptl/arm-hisiv100-linux/bin/../lib/gcc/arm-hisiv100-linux-uclibcgnueabi/4.4.1/libgcc.a(_udivsi3.o)
 .debug_line    0x00000092       0x75 /opt/hisi-linux-nptl/arm-hisiv100-linux/bin/../lib/gcc/arm-hisiv100-linux-uclibcgnueabi/4.4.1/libgcc.a(_dvmd_lnx.o)

.debug_info     0x00000000      0x1b2
 .debug_info    0x00000000       0xd9 /opt/hisi-linux-nptl/arm-hisiv100-linux/bin/../lib/gcc/arm-hisiv100-linux-uclibcgnueabi/4.4.1/libgcc.a(_udivsi3.o)
 .debug_info    0x000000d9       0xd9 /opt/hisi-linux-nptl/arm-hisiv100-linux/bin/../lib/gcc/arm-hisiv100-linux-uclibcgnueabi/4.4.1/libgcc.a(_dvmd_lnx.o)

.debug_abbrev   0x00000000       0x28
 .debug_abbrev  0x00000000       0x14 /opt/hisi-linux-nptl/arm-hisiv100-linux/bin/../lib/gcc/arm-hisiv100-linux-uclibcgnueabi/4.4.1/libgcc.a(_udivsi3.o)
 .debug_abbrev  0x00000014       0x14 /opt/hisi-linux-nptl/arm-hisiv100-linux/bin/../lib/gcc/arm-hisiv100-linux-uclibcgnueabi/4.4.1/libgcc.a(_dvmd_lnx.o)

.debug_aranges  0x00000000       0x40
 .debug_aranges
                0x00000000       0x20 /opt/hisi-linux-nptl/arm-hisiv100-linux/bin/../lib/gcc/arm-hisiv100-linux-uclibcgnueabi/4.4.1/libgcc.a(_udivsi3.o)
 .debug_aranges
                0x00000020       0x20 /opt/hisi-linux-nptl/arm-hisiv100-linux/bin/../lib/gcc/arm-hisiv100-linux-uclibcgnueabi/4.4.1/libgcc.a(_dvmd_lnx.o)
